// Jest Snapshot v1, https://goo.gl/fbAQLP

exports[`component Layout should render 1`] = `
<div
  className="layout"
>
  <Title
    text="Story book example ekino"
  />
  <Team
    team={
      Object {
        "date": "2017-12-13T12:00:00",
        "team": Array [
          Object {
            "firstName": "Thomas",
            "gender": "male",
            "id": "0",
            "location": "paris",
            "name": "Rabaix",
            "role": "manitou",
            "timeshitFucker": "false",
          },
          Object {
            "firstName": "Loëck",
            "gender": "male",
            "id": "1",
            "location": "paris",
            "name": "Vézien",
            "role": "archi",
            "timeshitFucker": "false",
          },
          Object {
            "firstName": "Shahzain",
            "gender": "male",
            "id": "2",
            "location": "london",
            "name": "Badruddin",
            "role": "archi",
            "timeshitFucker": "false",
          },
          Object {
            "firstName": "Guillaume",
            "gender": "male",
            "id": "3",
            "location": "bordeaux",
            "name": "Amat",
            "role": "senior",
            "timeshitFucker": "false",
          },
          Object {
            "firstName": "Baptiste",
            "gender": "male",
            "id": "4",
            "location": "paris",
            "name": "Rios Campo",
            "role": "senior",
            "timeshitFucker": "false",
          },
          Object {
            "firstName": "Thibault",
            "gender": "male",
            "id": "5",
            "location": "paris",
            "name": "Crosnier",
            "role": "confirmed",
            "timeshitFucker": "false",
          },
          Object {
            "firstName": "Antonin",
            "gender": "male",
            "id": "6",
            "location": "bordeaux",
            "name": "Cézard",
            "role": "confirmed",
            "timeshitFucker": "true",
          },
          Object {
            "firstName": "Charles",
            "gender": "male",
            "id": "7",
            "location": "paris",
            "name": "Jacquet",
            "role": "confirmed",
            "timeshitFucker": "false",
          },
          Object {
            "firstName": "Andrey",
            "gender": "male",
            "id": "8",
            "location": "paris",
            "name": "Soloviev",
            "role": "confirmed",
            "timeshitFucker": "true",
          },
          Object {
            "firstName": "Michel",
            "gender": "male",
            "id": "9",
            "location": "paris",
            "name": "Pereira",
            "role": "confirmed",
            "timeshitFucker": "false",
          },
          Object {
            "firstName": "Jérémy",
            "gender": "male",
            "id": "10",
            "location": "paris",
            "name": "Pétré",
            "role": "confirmed",
            "timeshitFucker": "false",
          },
          Object {
            "firstName": "Julien",
            "gender": "male",
            "id": "11",
            "location": "bordeaux",
            "name": "Viala",
            "role": "confirmed",
            "timeshitFucker": "false",
          },
          Object {
            "firstName": "Cédric",
            "gender": "male",
            "id": "12",
            "location": "paris",
            "name": "Saunier",
            "role": "confirmed",
            "timeshitFucker": "false",
          },
          Object {
            "firstName": "Josiane",
            "gender": "female",
            "id": "13",
            "location": "paris",
            "name": "Makelele",
            "role": "confirmed",
            "timeshitFucker": "false",
          },
          Object {
            "firstName": "Dilhan",
            "gender": "male",
            "id": "14",
            "location": "paris",
            "name": "Sarica",
            "role": "confirmed",
            "timeshitFucker": "true",
          },
          Object {
            "firstName": "François",
            "gender": "male",
            "id": "15",
            "location": "bordeaux",
            "name": "Rosato",
            "role": "confirmed",
            "timeshitFucker": "false",
          },
          Object {
            "firstName": "Luc Frédéric",
            "gender": "male",
            "id": "16",
            "location": "paris",
            "name": "Langis",
            "role": "confirmed",
            "timeshitFucker": "false",
          },
          Object {
            "firstName": "Aude",
            "gender": "female",
            "id": "17",
            "location": "paris",
            "name": "Planchamp",
            "role": "confirmed",
            "timeshitFucker": "false",
          },
          Object {
            "firstName": "Hugo",
            "gender": "male",
            "id": "18",
            "location": "paris",
            "name": "Massing",
            "role": "junior",
            "timeshitFucker": "false",
          },
          Object {
            "firstName": "Maxime",
            "gender": "male",
            "id": "19",
            "location": "paris",
            "name": "Charpentier",
            "role": "junior",
            "timeshitFucker": "false",
          },
          Object {
            "firstName": "Raphaël",
            "gender": "male",
            "id": "20",
            "location": "paris",
            "name": "Bigot",
            "role": "junior",
            "timeshitFucker": "true",
          },
          Object {
            "firstName": "Alexis",
            "gender": "male",
            "id": "22",
            "location": "bordeaux",
            "name": "Phuong",
            "role": "junior",
            "timeshitFucker": "false",
          },
          Object {
            "firstName": "Maxime",
            "gender": "male",
            "id": "23",
            "location": "bordeaux",
            "name": "Nory",
            "role": "junior",
            "timeshitFucker": "true",
          },
          Object {
            "firstName": "Domitille",
            "gender": "female",
            "id": "24",
            "location": "paris",
            "name": "Roger",
            "role": "junior",
            "timeshitFucker": "false",
          },
          Object {
            "firstName": "Jean-Marie",
            "gender": "male",
            "id": "25",
            "location": "bordeaux",
            "name": "Cart-Lamy",
            "role": "junior",
            "timeshitFucker": "false",
          },
          Object {
            "firstName": "Mehdi",
            "gender": "male",
            "id": "26",
            "location": "paris",
            "name": "Baudart",
            "role": "junior",
            "timeshitFucker": "false",
          },
          Object {
            "firstName": "Adrien",
            "gender": "male",
            "id": "27",
            "location": "bordeaux",
            "name": "Gautier",
            "role": "junior",
            "timeshitFucker": "true",
          },
          Object {
            "firstName": "Valentin",
            "gender": "male",
            "id": "28",
            "location": "paris",
            "name": "de Almeida",
            "role": "junior",
            "timeshitFucker": "false",
          },
          Object {
            "firstName": "Megan",
            "gender": "female",
            "id": "29",
            "location": "bordeaux",
            "name": "Arneau",
            "role": "junior",
            "timeshitFucker": "false",
          },
          Object {
            "firstName": "Soufiane",
            "gender": "male",
            "id": "30",
            "location": "paris",
            "name": "Sadik",
            "role": "junior",
            "timeshitFucker": "true",
          },
          Object {
            "firstName": "Benoit",
            "gender": "male",
            "id": "31",
            "location": "paris",
            "name": "Guillaume",
            "role": "junior",
            "timeshitFucker": "false",
          },
          Object {
            "firstName": "Thomas",
            "gender": "male",
            "id": "32",
            "location": "bordeaux",
            "name": "Alberola",
            "role": "junior",
            "timeshitFucker": "false",
          },
          Object {
            "firstName": "Kim",
            "gender": "female",
            "id": "33",
            "location": "paris",
            "name": "Rose",
            "role": "junior",
            "timeshitFucker": "false",
          },
          Object {
            "firstName": "Damien",
            "gender": "male",
            "id": "34",
            "location": "bordeaux",
            "name": "Assany",
            "role": "trainee",
            "timeshitFucker": "false",
          },
          Object {
            "firstName": "Lucien",
            "gender": "male",
            "id": "35",
            "location": "paris",
            "name": "Dulac",
            "role": "trainee",
            "timeshitFucker": "true",
          },
          Object {
            "firstName": "Clément",
            "gender": "male",
            "id": "36",
            "location": "bordeaux",
            "name": "Filleul",
            "role": "trainee",
            "timeshitFucker": "true",
          },
        ],
      }
    }
  />
</div>
`;
