// Jest Snapshot v1, https://goo.gl/fbAQLP

exports[`component Layout should render 1`] = `
<div
  className="layout"
>
  <Translate(withRouter(Menu)) />
  <Switch>
    <Route
      component={[Function]}
      exact={true}
      key="/"
      path="/"
    />
    <Route
      component={[Function]}
      exact={true}
      key="/example"
      path="/example"
    />
  </Switch>
  <Translate(SwitchLanguage) />
</div>
`;
